
> client@0.1.0 build
> next build --turbopack

   Γû▓ Next.js 15.5.9 (Turbopack)
   - Environments: .env

   Creating an optimized production build ...
node.exe :  ΓÜá Slow filesystem detected. The benchmark took 603ms. If C:\Users\JOSEPH KOJO 
KUTTOR\Desktop\velolink\velo\client\.next is a network drive, consider moving it to a local 
folder. If you have an antivirus enabled, consider excluding your project directory.
At line:1 char:1
+ & "C:\Program Files\nodejs/node.exe" "C:\Program Files\nodejs/node_mo ...
+ ~~~~~~~~~~~~~~~~~~~~~~~~~~~~~~~~~~~~~~~~~~~~~~~~~~~~~~~~~~~~~~~~~~~~~
    + CategoryInfo          : NotSpecified: ( ΓÜá Slow files...ject directory.:String) [], Re 
   moteException
    + FullyQualifiedErrorId : NativeCommandError
 
 Γ£ô Finished writing to disk in 1730ms
 Γ£ô Compiled successfully in 79s
   Linting and checking validity of types ...

./src/app/admin/settings/page.tsx
554:27  Warning: Using `<img>` could result in slower LCP and higher bandwidth. Consider using `<Image />` from `next/image` or a custom image loader to automatically optimize images. This may incur additional usage or cost from your provider. See: https://nextjs.org/docs/messages/no-img-element  @next/next/no-img-element

./src/app/c/[id]/ContentClient.tsx
479:33  Warning: Using `<img>` could result in slower LCP and higher bandwidth. Consider using `<Image />` from `next/image` or a custom image loader to automatically optimize images. This may incur additional usage or cost from your provider. See: https://nextjs.org/docs/messages/no-img-element  @next/next/no-img-element
552:23  Warning: Using `<img>` could result in slower LCP and higher bandwidth. Consider using `<Image />` from `next/image` or a custom image loader to automatically optimize images. This may incur additional usage or cost from your provider. See: https://nextjs.org/docs/messages/no-img-element  @next/next/no-img-element
744:25  Warning: Using `<img>` could result in slower LCP and higher bandwidth. Consider using `<Image />` from `next/image` or a custom image loader to automatically optimize images. This may incur additional usage or cost from your provider. See: https://nextjs.org/docs/messages/no-img-element  @next/next/no-img-element

./src/app/creator/analytics/page.tsx
41:11  Warning: 'CountryData' is defined but never used.  @typescript-eslint/no-unused-vars
48:11  Warning: 'DeviceData' is defined but never used.  @typescript-eslint/no-unused-vars
54:11  Warning: 'BrowserData' is defined but never used.  @typescript-eslint/no-unused-vars

./src/app/creator/content/[id]/page.tsx
127:6  Warning: React Hook useEffect has a missing dependency: 'fetchPreviewUrls'. Either include it or remove the dependency array.  react-hooks/exhaustive-deps
483:19  Warning: Using `<img>` could result in slower LCP and higher bandwidth. Consider using `<Image />` from `next/image` or a custom image loader to automatically optimize images. This may incur additional usage or cost from your provider. See: https://nextjs.org/docs/messages/no-img-element  @next/next/no-img-element
529:31  Warning: Using `<img>` could result in slower LCP and higher bandwidth. Consider using `<Image />` from `next/image` or a custom image loader to automatically optimize images. This may incur additional usage or cost from your provider. See: https://nextjs.org/docs/messages/no-img-element  @next/next/no-img-element

./src/app/creator/verify-identity/page.tsx
20:10  Warning: 'sessionId' is assigned a value but never used.  @typescript-eslint/no-unused-vars

./src/components/AdminSidebar.tsx
124:6  Warning: React Hook useMemo has a missing dependency: 'allMenuItems'. Either include it or remove the dependency array.  react-hooks/exhaustive-deps

./src/components/ui/Card3D.tsx
241:13  Warning: Using `<img>` could result in slower LCP and higher bandwidth. Consider using `<Image />` from `next/image` or a custom image loader to automatically optimize images. This may incur additional usage or cost from your provider. See: https://nextjs.org/docs/messages/no-img-element  @next/next/no-img-element

info  - Need to disable some ESLint rules? Learn more here: https://nextjs.org/docs/app/api-reference/config/eslint#disabling-rules
Failed to compile.

./src/app/api/og-image/[id]/route.ts:58:57
Type error: Cannot find name 'escapeXml'. Did you mean 'escape'?

[0m [90m 56 |[39m [32m      <rect x="0" y="${height - 220}" width="${width}" height="220" 
class="bg" />[39m
 [90m 57 |[39m [32m      <g class="overlay">[39m
[31m[1m>[22m[39m[90m 58 |[39m [32m        <text x="60" y="${height - 110}" 
class="desc">${escapeXml(description)}</text>[39m
 [90m    |[39m                                                         [31m[1m^[22m[39m
 [90m 59 |[39m [32m        <text x="60" y="${height - 40}" class="price">Unlock my 
Velolink for $${escapeXml(buyerPrice)}</text>[39m
 [90m 60 |[39m [32m      </g>[39m
 [90m 61 |[39m [32m    </svg>`[39m[33m;[39m[0m
Next.js build worker exited with code: 1 and signal: null
